**************************************************
ConsoleProcess: csrss.exe Pid: 504
Console: 0x4e23b0 CommandHistorySize: 50
HistoryBufferCount: 2 HistoryBufferMax: 4
OriginalTitle: %SystemRoot%\system32\cmd.exe
Title: C:\WINDOWS\system32\cmd.exe - dd if=\\.\PhysicalMemory of=c:\xp-laptop-2005-06-25.img conv=noerror
AttachedProcess: dd.exe Pid: 4012 Handle: 0x2a4
AttachedProcess: cmd.exe Pid: 2624 Handle: 0x4c8
----
CommandHistory: 0x11253b0 Application: dd.exe Flags: Allocated, Reset
CommandCount: 1 LastAdded: 0 LastDisplayed: 0
FirstCommand: 0 CommandCountMax: 50
ProcessHandle: 0x2a4
Cmd #0 at 0x4e2df0: c
----
CommandHistory: 0x4e4d88 Application: cmd.exe Flags: Allocated, Reset
CommandCount: 7 LastAdded: 6 LastDisplayed: 6
FirstCommand: 0 CommandCountMax: 50
ProcessHandle: 0x4c8
Cmd #0 at 0x4e2d28: d:
Cmd #1 at 0x4e1f78: cd  dd
Cmd #2 at 0x4e2cc8: dir
Cmd #3 at 0x4e2e00: cd UnicodeRelease
Cmd #4 at 0x4e2cb8: dir
Cmd #5 at 0x4e1f90: dd 
Cmd #6 at 0x4e1ff8: dd if=\\.\PhysicalMemory of=c:\xp-laptop-2005-06-25.img conv=noerror
----
Screen 0x4e2ab0 X:80 Y:300
Dump:
Microsoft Windows XP [Version 5.1.2600]                                         
(C) Copyright 1985-2001 Microsoft Corp.                                         
                                                                                
C:\Documents and Settings\Sarah>d:                                              
                                                                                
D:\>cd  dd                                                                      
                                                                                
D:\dd>dir                                                                       
 Volume in drive D is KORNBLUM                                                  
 Volume Serial Number is D4A8-A3D7                                              
                                                                                
 Directory of D:\dd                                                             
                                                                                
06/25/2005  12:55 PM    <DIR>          .                                        
06/25/2005  12:54 PM    <DIR>          ..                                       
06/25/2005  12:55 PM             6,148 .DS_Store                                
06/25/2005  12:54 PM                82 ._.DS_Store                              
06/25/2005  12:54 PM             1,484 forensic acquisition utilities-bin.cat   
06/25/2005  12:54 PM    <DIR>          System                                   
06/25/2005  12:55 PM    <DIR>          UnicodeDebug                             
06/25/2005  12:55 PM    <DIR>          UnicodeRelease                           
               3 File(s)          7,714 bytes                                   
               5 Dir(s)     492,994,560 bytes free                              
                                                                                
D:\dd>cd UnicodeRelease                                                         
                                                                                
D:\dd\UnicodeRelease>dir                                                        
 Volume in drive D is KORNBLUM                                                  
 Volume Serial Number is D4A8-A3D7                                              
                                                                                
 Directory of D:\dd\UnicodeRelease                                              
                                                                                
06/25/2005  12:55 PM    <DIR>          .                                        
06/25/2005  12:55 PM    <DIR>          ..                                       
06/25/2005  12:55 PM            57,344 dd.exe                                   
06/25/2005  12:55 PM             9,216 getopt.dll                               
06/25/2005  12:55 PM            14,848 md5lib.dll                               
06/25/2005  12:55 PM            17,408 md5sum.exe                               
06/25/2005  12:55 PM            73,728 nc.exe                                   
06/25/2005  12:55 PM            15,872 volume_dump.exe                          
06/25/2005  12:55 PM           233,472 wipe.exe                                 
06/25/2005  12:55 PM            51,200 zlibU.dll                                
06/25/2005  12:55 PM             6,148 .DS_Store                                
06/25/2005  12:55 PM         2,313,216 MSVCR70.PDB                              
06/25/2005  12:55 PM           487,424 MSVCP70.DLL                              
06/25/2005  12:55 PM         2,837,504 MSVCP70.PDB                              
06/25/2005  12:55 PM           344,064 msvcr70.dll                              
              13 File(s)      6,461,444 bytes                                   
               2 Dir(s)     492,994,560 bytes free                              
                                                                                
D:\dd\UnicodeRelease>dd                                                         
Forensic Acquisition Utilities, 1, 0, 0, 1035                                   
dd, 3, 16, 2, 1035                                                              
Copyright (C) 2002-2004 George M. Garner Jr.                                    
                                                                                
Command Line: dd                                                                
Based on original version developed by Paul Rubin, David MacKenzie, and Stuart K
emp                                                                             
Microsoft Windows: Version 5.1 (Build 2600.Professional Service Pack 2)         
                                                                                
25/06/2005  16:57:43 (UTC)                                                      
25/06/2005  12:57:43 (local time)                                               
                                                                                
Current User: SPLATITUDE\Sarah                                                  
                                                                                
Copying CONIN$ to CONOUT$...                                                    
c                                                                               
D:\dd\UnicodeRelease\dd.exe:                                                    
        CONIN$ (offset 0xffffffffffffffff): Bad file descriptor                 
c                                                                               
                                                                                
D:\dd\UnicodeRelease\dd.exe:                                                    
        CONIN$ (offset 0xffffffffffffffff): Bad file descriptor                 
                                                                                
cc                                                                              
0+2 records in                                                                  
0+2 records out                                                                 
                                                                                
D:\dd\UnicodeRelease>dd if=\\.\PhysicalMemory of=c:\xp-laptop-2005-06-25.img con
v=noerror                                                                       
Forensic Acquisition Utilities, 1, 0, 0, 1035                                   
dd, 3, 16, 2, 1035                                                              
Copyright (C) 2002-2004 George M. Garner Jr.                                    
                                                                                
Command Line: dd if=\\.\PhysicalMemory of=c:\xp-laptop-2005-06-25.img conv=noerr
or                                                                              
Based on original version developed by Paul Rubin, David MacKenzie, and Stuart K
emp                                                                             
Microsoft Windows: Version 5.1 (Build 2600.Professional Service Pack 2)         
                                                                                
25/06/2005  16:58:47 (UTC)                                                      
25/06/2005  12:58:47 (local time)                                               
                                                                                
Current User: SPLATITUDE\Sarah                                                  
                                                                                
Total physical memory reported: 523676 KB                                       
Copying physical memory...                                                      
Physical memory in the range 0x00004000-0x00004000 could not be read.           
